2020-04-23 11:10:04,307 - name - DEBUG - blabla
2020-04-23 11:10:14,198 - name - WARNING - blabla
